Copyright 1986-2022 Xilinx, Inc. All Rights Reserved. Copyright 2022-2024 Advanced Micro Devices, Inc. All Rights Reserved.
---------------------------------------------------------------------------------------------------------------------------------------------------------------------------------------------------------------------
| Tool Version      : Vivado v.2023.2.2 (lin64) Build 4126759 Thu Feb  8 23:52:05 MST 2024
| Date              : Sat Jun 27 08:00:24 2026
| Host              : qian-MS-7E25 running 64-bit Ubuntu 22.04.5 LTS
| Command           : report_exceptions -ignored -file /home/qian/Portable_System_Project/Butterfly_Laser_Driver/milestones/vivado_warning_cleanup_20260626_180839/timing_methodology_details/exceptions_ignored.rpt
| Design            : design_top
| Device            : xck26-sfvc784
| Speed File        : -2LVI  PRODUCTION 1.30 05-15-2022
| Design State      : Physopt postRoute
| Temperature Grade : I
---------------------------------------------------------------------------------------------------------------------------------------------------------------------------------------------------------------------

Exceptions Report

Position  From                                                                              Through         To                                                                                Setup           Hold            Status                          
--------  --------------------------------------------------------------------------------  --------------  --------------------------------------------------------------------------------  --------------  --------------  --------------------------------
1         [get_cells -hier -filter {name =~ *d_xfer_toggle_reg   && IS_SEQUENTIAL}]         *               [get_cells -hier -filter {name =~ *up_xfer_state_m1_reg   && IS_SEQUENTIAL}]      false           false           Totally overridden path by CG 46
2         [get_cells -hier -filter {name =~ *up_xfer_toggle_reg  && IS_SEQUENTIAL}]         *               [get_cells -hier -filter {name =~ *d_xfer_toggle_m1_reg   && IS_SEQUENTIAL}]      false           false           Totally overridden path by CG 46
3         [get_cells -hier -filter {name =~ *up_xfer_data*       && IS_SEQUENTIAL}]         *               [get_cells -hier -filter {name =~ *d_data_cntrl*          && IS_SEQUENTIAL}]      false           false           Totally overridden path by CG 46
7         [get_cells -hier -filter {name =~ *d_xfer_toggle_reg   && IS_SEQUENTIAL}]         *               [get_cells -hier -filter {name =~ *up_xfer_toggle_m1_reg  && IS_SEQUENTIAL}]      false           false           Totally overridden path by CG 46
8         [get_cells -hier -filter {name =~ *up_xfer_toggle_reg  && IS_SEQUENTIAL}]         *               [get_cells -hier -filter {name =~ *d_xfer_state_m1_reg    && IS_SEQUENTIAL}]      false           false           Totally overridden path by CG 46
9         [get_cells -hier -filter {name =~ *d_xfer_data*        && IS_SEQUENTIAL}]         *               [get_cells -hier -filter {name =~ *up_data_status*        && IS_SEQUENTIAL}]      false           false           Totally overridden path by CG 46
10        [get_cells -hierarchical -filter {name =~ *d_count_run_m3_reg*  && IS_SEQUENTIAL  *               [get_cells -hierarchical -filter {name =~ *up_count_running_m1_reg* && IS_SEQUEN  false           false           Totally overridden path by CG 46
          }]                                                                                                TIAL}]                                                                                                            
11        [get_cells -hierarchical -filter {name =~ *up_count_run_reg*    && IS_SEQUENTIAL  *               [get_cells -hierarchical -filter {name =~ *d_count_run_m1_reg* && IS_SEQUENTIAL}  false           false           Totally overridden path by CG 46
          }]                                                                                                ]                                                                                                                 
12        [get_cells -hierarchical -filter {name =~ *d_count_reg*         && IS_SEQUENTIAL  *               [get_cells -hierarchical -filter {name =~ *up_d_count_reg* && IS_SEQUENTIAL}]     false           false           Totally overridden path by CG 46
          }]                                                                                                                                                                                                                  
29        *                                                                                 *               [get_pins -hier *cdc_to*/D]                                                       false           false           Invalid endpoint                
70        [get_cells -quiet -hier {*reset_async_reg[0]} -filter {NAME =~ *i_reset_manager*  *               [get_cells -quiet -hier {*reset_async_reg[3]*} -filter {NAME =~ *i_reset_manager  false           false           Non-existent path               
           && IS_SEQUENTIAL}]                                                                               * && IS_SEQUENTIAL}]                                                                                              
72        [get_cells -quiet -hier {*reset_sync_reg[0]} -filter {NAME =~ *i_reset_manager*   *               [get_pins -quiet -hier *reset_sync_in_reg*/PRE -filter {NAME =~ *i_reset_manager  false           false           Non-existent path               
          && IS_SEQUENTIAL}]                                                                                *}]                                                                                                               
100       [get_cells src_gray_ff_reg*]                                                      *               [get_cells {dest_graysync_ff_reg[0]*}]                                            max_dpo=10      -               Totally overridden path by CG 46
102       [get_cells src_gray_ff_reg*]                                                      *               [get_cells {dest_graysync_ff_reg[0]*}]                                            max_dpo=8       -               Totally overridden path by CG 46
106       [get_cells src_gray_ff_reg*]                                                      *               [get_cells {dest_graysync_ff_reg[0]*}]                                            max_dpo=8       -               Totally overridden path by CG 46
108       [get_cells src_gray_ff_reg*]                                                      *               [get_cells {dest_graysync_ff_reg[0]*}]                                            max_dpo=10      -               Totally overridden path by CG 46
110       [get_cells src_gray_ff_reg*]                                                      *               [get_cells {dest_graysync_ff_reg[0]*}]                                            max_dpo=8       -               Totally overridden path by CG 46
116       *                                                                                 *               [get_cells {syncstages_ff_reg[0]}]                                                false           false           Totally overridden path by CG 46
117       *                                                                                 *               [get_cells {syncstages_ff_reg[0]}]                                                false           false           Totally overridden path by CG 46
118       *                                                                                 *               [get_cells {syncstages_ff_reg[0]}]                                                false           false           Totally overridden path by CG 46
119       *                                                                                 *               [get_cells {syncstages_ff_reg[0]}]                                                false           false           Totally overridden path by CG 46
136       [get_cells -hierarchical -filter { NAME =~  "*ila_core_inst/u_ila_regs/reg_1a/I_  *               [get_cells -hierarchical -filter { NAME =~ "*ila_core_inst/u_ila_cap_ctrl/u_cap_  false           false           Non-existent path               
          EN_CTL_EQ1.U_CTL/xsdb_reg_reg*" && IS_SEQUENTIAL }]                                               addrgen/u_cap_sample_counter/iscnt_reg*" && IS_SEQUENTIAL }]                                                      
137       [get_cells -hierarchical -filter { NAME =~  "*ila_core_inst/u_ila_regs/reg_1a/I_  *               [get_cells -hierarchical -filter { NAME =~ "*ila_core_inst/u_ila_cap_ctrl/u_cap_  false           false           Non-existent path               
          EN_CTL_EQ1.U_CTL/xsdb_reg_reg*" && IS_SEQUENTIAL }]                                               addrgen/u_cap_window_counter/iwcnt_reg*" && IS_SEQUENTIAL }]                                                      
138       [get_cells -hierarchical -filter { NAME =~  "*ila_core_inst/u_ila_regs/reg_1a/I_  *               [get_cells -hierarchical -filter { NAME =~ "*ila_core_inst/u_ila_cap_ctrl/u_cap_  false           false           Non-existent path               
          EN_CTL_EQ1.U_CTL/xsdb_reg_reg*" && IS_SEQUENTIAL }]                                               addrgen/u_cap_window_counter/u_wcnt_hcmp_q*" && IS_SEQUENTIAL }]                                                  
139       [get_cells -hierarchical -filter { NAME =~  "*ila_core_inst/u_ila_regs/reg_1a/I_  *               [get_cells -hierarchical -filter { NAME =~ "*ila_core_inst/u_ila_cap_ctrl/u_cap_  false           false           Non-existent path               
          EN_CTL_EQ1.U_CTL/xsdb_reg_reg*" && IS_SEQUENTIAL }]                                               addrgen/u_cap_window_counter/u_wcnt_lcmp_q*" && IS_SEQUENTIAL }]                                                  
140       [get_cells -hierarchical -filter { NAME =~  "*ila_core_inst/u_ila_regs/reg_1a/I_  *               [get_cells -hierarchical -filter { NAME =~ "*ila_core_inst/u_ila_cap_ctrl/u_cap_  false           false           Non-existent path               
          EN_CTL_EQ1.U_CTL/xsdb_reg_reg*" && IS_SEQUENTIAL }]                                               addrgen/u_cap_sample_counter/u_scnt_cmp_q*" && IS_SEQUENTIAL }]                                                   
144       [get_cells -hierarchical -filter { NAME =~  "*ila_core_inst/u_ila_regs/reg_1a/I_  *               [get_cells -hierarchical -filter { NAME =~ "*ila_core_inst/u_ila_cap_ctrl/U_CDON  false           false           Non-existent path               
          EN_CTL_EQ1.U_CTL/xsdb_reg_reg*" && IS_SEQUENTIAL }]                                               E/I_YESLUT6.I_YES_OREG.O_reg*" && IS_SEQUENTIAL}]                                                                 
145       [get_cells -hierarchical -filter { NAME =~  "*ila_core_inst/u_ila_regs/reg_1a/I_  *               [get_cells -hierarchical -filter { NAME =~ "*ila_core_inst/u_ila_cap_ctrl/U_NS0/  false           false           Non-existent path               
          EN_CTL_EQ1.U_CTL/xsdb_reg_reg*" && IS_SEQUENTIAL }]                                               I_YESLUT6.I_YES_OREG.O_reg*" && IS_SEQUENTIAL}]                                                                   
146       [get_cells -hierarchical -filter { NAME =~  "*ila_core_inst/u_ila_regs/reg_1a/I_  *               [get_cells -hierarchical -filter { NAME =~ "*ila_core_inst/u_ila_cap_ctrl/U_NS1/  false           false           Non-existent path               
          EN_CTL_EQ1.U_CTL/xsdb_reg_reg*" && IS_SEQUENTIAL }]                                               I_YESLUT6.I_YES_OREG.O_reg*" && IS_SEQUENTIAL}]                                                                   
147       [get_cells -hierarchical -filter { NAME =~  "*ila_core_inst/u_ila_regs/reg_1a/I_  *               [get_cells -hierarchical -filter { NAME =~ "*ila_core_inst/u_ila_cap_ctrl/u_cap_  false           false           Non-existent path               
          EN_CTL_EQ1.U_CTL/xsdb_reg_reg*" && IS_SEQUENTIAL }]                                               addrgen/icap_wr_en_reg*" && IS_SEQUENTIAL}]                                                                       
148       [get_cells -hierarchical -filter { NAME =~  "*ila_core_inst/u_ila_regs/reg_1a/I_  *               [get_cells -hierarchical -filter { NAME =~ "*ila_core_inst/u_ila_cap_ctrl/itrigg  false           false           Non-existent path               
          EN_CTL_EQ1.U_CTL/xsdb_reg_reg*" && IS_SEQUENTIAL }]                                               er_out_reg*" && IS_SEQUENTIAL}]                                                                                   
150       [get_cells -hierarchical -filter { NAME =~  "*ila_core_inst/u_ila_regs/reg_15/I_  *               [get_cells -hierarchical -filter { NAME =~ "*ila_core_inst/en_adv_trigger_2_reg*  false           false           Non-existent path               
          EN_CTL_EQ1.U_CTL/xsdb_reg_reg*" && IS_SEQUENTIAL }]                                               " && IS_SEQUENTIAL}]                                                                                              
157       [get_cells -hierarchical -filter { NAME =~ "*ila_core_inst/u_ila_regs/reg_stream  *               [get_cells -hierarchical -filter { NAME =~ "*ila_core_inst/u_trig/U_TM/N_DDR_MOD  false           false           Non-existent path               
          _ffd/I_EN_CTL_EQ1.U_CTL/xsdb_reg_reg*" && IS_SEQUENTIAL}]                                         E.G_NMU[*].U_M/allx_typeA_match_detection.ltlib_v1_0_1_allx_typeA_inst/probeDela                                  
                                                                                                            y1_reg*" && IS_SEQUENTIAL}]                                                                                       
158       [get_cells -hierarchical -filter { NAME =~  "*ila_core_inst/u_ila_regs/reg_15/I_  *               [get_cells -hierarchical -filter { NAME =~ "*ila_core_inst/u_trig/U_TM/N_DDR_MOD  false           false           Non-existent path               
          EN_CTL_EQ1.U_CTL/xsdb_reg_reg*" && IS_SEQUENTIAL }]                                               E.G_NMU[*].U_M/allx_typeA_match_detection.ltlib_v1_0_1_allx_typeA_inst/probeDela                                  
                                                                                                            y1_reg*" && IS_SEQUENTIAL}]                                                                                       
160       [get_cells -hierarchical -filter { NAME =~  "*ila_core_inst/u_ila_cap_ctrl/u_cap  *               [get_cells -hierarchical -filter { NAME =~  "*ila_core_inst/u_ila_cap_ctrl/u_cap  false           false           Non-existent path               
          _addrgen/*cfg_data_vec_reg*" && IS_SEQUENTIAL }]                                                  _addrgen/*icap_addr_reg*" && IS_SEQUENTIAL }]                                                                     

